../../CM7/../../CM7/Middlewares/ST/touchgfx/framework/include/touchgfx/Application.hpp:91:18:virtual void touchgfx::Application::appSwitchScreen(uint8_t)	0	static
../../CM7/../../CM7/Middlewares/ST/touchgfx/framework/include/touchgfx/Application.hpp:104:18:virtual void touchgfx::Application::requestRedraw(touchgfx::Rect&)	0	static
../../CM7/../../CM7/Middlewares/ST/touchgfx/framework/include/touchgfx/transitions/Transition.hpp:72:18:virtual void touchgfx::Transition::tearDown()	0	static
../../CM7/../../CM7/Middlewares/ST/touchgfx/framework/include/touchgfx/transitions/Transition.hpp:80:18:virtual void touchgfx::Transition::init()	0	static
../../CM7/../../CM7/Middlewares/ST/touchgfx/framework/include/touchgfx/transitions/Transition.hpp:100:18:virtual void touchgfx::Transition::setScreenContainer(touchgfx::Container&)	0	static
../../CM7/../../CM7/Middlewares/ST/touchgfx/framework/include/mvp/MVPApplication.hpp:59:18:virtual void touchgfx::MVPApplication::handlePendingScreenTransition()	8	static
../../CM7/../../CM7/Middlewares/ST/touchgfx/framework/include/touchgfx/Callback.hpp:424:8:touchgfx::Callback<FrontendApplicationBase>::~Callback()	0	static
../../CM7/../../CM7/TouchGFX/generated/gui_generated/include/gui_generated/common/FrontendApplicationBase.hpp:16:13:FrontendApplicationBase::~FrontendApplicationBase()	0	static
../../CM7/../../CM7/Middlewares/ST/touchgfx/framework/include/touchgfx/transitions/NoTransition.hpp:35:18:virtual void touchgfx::NoTransition::handleTickEvent()	0	static
../../CM7/../../CM7/Middlewares/ST/touchgfx/framework/include/touchgfx/transitions/NoTransition.hpp:31:7:touchgfx::NoTransition::~NoTransition()	0	static
../../CM7/../../CM7/Middlewares/ST/touchgfx/framework/include/touchgfx/Callback.hpp:449:18:void touchgfx::Callback<dest_type, void, void, void>::execute() [with dest_type = FrontendApplicationBase]	8	static
../../CM7/../../CM7/Middlewares/ST/touchgfx/framework/include/touchgfx/Callback.hpp:459:18:bool touchgfx::Callback<dest_type, void, void, void>::isValid() const [with dest_type = FrontendApplicationBase]	0	static
../../CM7/../../CM7/Middlewares/ST/touchgfx/framework/include/touchgfx/transitions/NoTransition.hpp:31:7:virtual touchgfx::NoTransition::~NoTransition()	8	static
../../CM7/../../CM7/Middlewares/ST/touchgfx/framework/include/touchgfx/Callback.hpp:424:8:virtual touchgfx::Callback<FrontendApplicationBase>::~Callback()	8	static
../../CM7/../../CM7/TouchGFX/generated/gui_generated/include/gui_generated/common/FrontendApplicationBase.hpp:16:13:virtual FrontendApplicationBase::~FrontendApplicationBase()	8	static
../../CM7/../../CM7/Middlewares/ST/touchgfx/framework/include/touchgfx/transitions/Transition.hpp:89:18:virtual void touchgfx::Transition::invalidate()	8	static
../../CM7/../../CM7/TouchGFX/generated/gui_generated/include/gui_generated/common/FrontendApplicationBase.hpp:18:18:virtual void FrontendApplicationBase::changeToStartScreen()	0	static
/Shared/Github/Croustibot/IHM/CM7/TouchGFX/generated/gui_generated/src/common/FrontendApplicationBase.cpp:29:1:FrontendApplicationBase::FrontendApplicationBase(Model&, FrontendHeap&)	24	static
/Shared/Github/Croustibot/IHM/CM7/TouchGFX/generated/gui_generated/src/common/FrontendApplicationBase.cpp:48:6:void FrontendApplicationBase::gotoHomeScreenNoTransition()	0	static
/Shared/Github/Croustibot/IHM/CM7/TouchGFX/generated/gui_generated/src/common/FrontendApplicationBase.cpp:61:6:void FrontendApplicationBase::gotoChoix_strategieScreenNoTransition()	0	static
/Shared/Github/Croustibot/IHM/CM7/TouchGFX/generated/gui_generated/src/common/FrontendApplicationBase.cpp:74:6:void FrontendApplicationBase::gotoRobot_pretScreenNoTransition()	0	static
/Shared/Github/Croustibot/IHM/CM7/TouchGFX/generated/gui_generated/src/common/FrontendApplicationBase.cpp:87:6:void FrontendApplicationBase::gotoRobot_en_matchScreenNoTransition()	0	static
/Shared/Github/Croustibot/IHM/CM7/TouchGFX/generated/gui_generated/src/common/FrontendApplicationBase.cpp:100:6:void FrontendApplicationBase::gotoChoix_testsScreenNoTransition()	0	static
/Shared/Github/Croustibot/IHM/CM7/TouchGFX/generated/gui_generated/src/common/FrontendApplicationBase.cpp:113:6:void FrontendApplicationBase::gotoTests_moteursScreenNoTransition()	0	static
/Shared/Github/Croustibot/IHM/CM7/TouchGFX/generated/gui_generated/src/common/FrontendApplicationBase.cpp:126:6:void FrontendApplicationBase::gotoTest_lidarScreenNoTransition()	0	static
../../CM7/../../CM7/Middlewares/ST/touchgfx/framework/include/mvp/MVPApplication.hpp:161:16:PresenterType* touchgfx::makeTransition(Screen**, Presenter**, MVPHeap&, Transition**, ModelType*) [with ScreenType = HomeView; PresenterType = HomePresenter; TransType = NoTransition; ModelType = Model]	40	static
/Shared/Github/Croustibot/IHM/CM7/TouchGFX/generated/gui_generated/src/common/FrontendApplicationBase.cpp:54:6:void FrontendApplicationBase::gotoHomeScreenNoTransitionImpl()	16	static
../../CM7/../../CM7/Middlewares/ST/touchgfx/framework/include/mvp/MVPApplication.hpp:161:16:PresenterType* touchgfx::makeTransition(Screen**, Presenter**, MVPHeap&, Transition**, ModelType*) [with ScreenType = Choix_strategieView; PresenterType = Choix_strategiePresenter; TransType = NoTransition; ModelType = Model]	40	static
/Shared/Github/Croustibot/IHM/CM7/TouchGFX/generated/gui_generated/src/common/FrontendApplicationBase.cpp:67:6:void FrontendApplicationBase::gotoChoix_strategieScreenNoTransitionImpl()	16	static
../../CM7/../../CM7/Middlewares/ST/touchgfx/framework/include/mvp/MVPApplication.hpp:161:16:PresenterType* touchgfx::makeTransition(Screen**, Presenter**, MVPHeap&, Transition**, ModelType*) [with ScreenType = Robot_pretView; PresenterType = Robot_pretPresenter; TransType = NoTransition; ModelType = Model]	40	static
/Shared/Github/Croustibot/IHM/CM7/TouchGFX/generated/gui_generated/src/common/FrontendApplicationBase.cpp:80:6:void FrontendApplicationBase::gotoRobot_pretScreenNoTransitionImpl()	16	static
../../CM7/../../CM7/Middlewares/ST/touchgfx/framework/include/mvp/MVPApplication.hpp:161:16:PresenterType* touchgfx::makeTransition(Screen**, Presenter**, MVPHeap&, Transition**, ModelType*) [with ScreenType = Robot_en_matchView; PresenterType = Robot_en_matchPresenter; TransType = NoTransition; ModelType = Model]	40	static
/Shared/Github/Croustibot/IHM/CM7/TouchGFX/generated/gui_generated/src/common/FrontendApplicationBase.cpp:93:6:void FrontendApplicationBase::gotoRobot_en_matchScreenNoTransitionImpl()	16	static
../../CM7/../../CM7/Middlewares/ST/touchgfx/framework/include/mvp/MVPApplication.hpp:161:16:PresenterType* touchgfx::makeTransition(Screen**, Presenter**, MVPHeap&, Transition**, ModelType*) [with ScreenType = Choix_testsView; PresenterType = Choix_testsPresenter; TransType = NoTransition; ModelType = Model]	40	static
/Shared/Github/Croustibot/IHM/CM7/TouchGFX/generated/gui_generated/src/common/FrontendApplicationBase.cpp:106:6:void FrontendApplicationBase::gotoChoix_testsScreenNoTransitionImpl()	16	static
../../CM7/../../CM7/Middlewares/ST/touchgfx/framework/include/mvp/MVPApplication.hpp:161:16:PresenterType* touchgfx::makeTransition(Screen**, Presenter**, MVPHeap&, Transition**, ModelType*) [with ScreenType = Tests_moteursView; PresenterType = Tests_moteursPresenter; TransType = NoTransition; ModelType = Model]	40	static
/Shared/Github/Croustibot/IHM/CM7/TouchGFX/generated/gui_generated/src/common/FrontendApplicationBase.cpp:119:6:void FrontendApplicationBase::gotoTests_moteursScreenNoTransitionImpl()	16	static
../../CM7/../../CM7/Middlewares/ST/touchgfx/framework/include/mvp/MVPApplication.hpp:161:16:PresenterType* touchgfx::makeTransition(Screen**, Presenter**, MVPHeap&, Transition**, ModelType*) [with ScreenType = Test_lidarView; PresenterType = Test_lidarPresenter; TransType = NoTransition; ModelType = Model]	40	static
/Shared/Github/Croustibot/IHM/CM7/TouchGFX/generated/gui_generated/src/common/FrontendApplicationBase.cpp:132:6:void FrontendApplicationBase::gotoTest_lidarScreenNoTransitionImpl()	16	static
