../../CM7/../../CM7/Middlewares/ST/touchgfx/framework/include/touchgfx/Screen.hpp:104:18:virtual void touchgfx::Screen::afterTransition()	0	static
../../CM7/../../CM7/Middlewares/ST/touchgfx/framework/include/touchgfx/Screen.hpp:115:18:virtual void touchgfx::Screen::tearDownScreen()	0	static
../../CM7/../../CM7/Middlewares/ST/touchgfx/framework/include/touchgfx/Screen.hpp:144:18:virtual void touchgfx::Screen::handleTickEvent()	0	static
../../CM7/../../CM7/Middlewares/ST/touchgfx/framework/include/touchgfx/Screen.hpp:154:18:virtual void touchgfx::Screen::handleKeyEvent(uint8_t)	0	static
../../CM7/../../CM7/Middlewares/ST/touchgfx/framework/include/touchgfx/TypedText.hpp:65:13:touchgfx::TypedText::~TypedText()	0	static
../../CM7/../../CM7/TouchGFX/generated/gui_generated/include/gui_generated/home_screen/HomeViewBase.hpp:25:18:virtual void HomeViewBase::pos_depart()	0	static
../../CM7/../../CM7/Middlewares/ST/touchgfx/framework/include/touchgfx/Callback.hpp:357:8:touchgfx::Callback<HomeViewBase, const touchgfx::AbstractButton&>::~Callback()	0	static
C:/Users/lisaf/Documents/GitHub/Croustibot/IHM/CM7/TouchGFX/generated/gui_generated/src/home_screen/HomeViewBase.cpp:65:1:HomeViewBase::~HomeViewBase()	0	static
C:/Users/lisaf/Documents/GitHub/Croustibot/IHM/CM7/TouchGFX/generated/gui_generated/src/home_screen/HomeViewBase.cpp:70:6:virtual void HomeViewBase::setupScreen()	0	static
../../CM7/../../CM7/Middlewares/ST/touchgfx/framework/include/touchgfx/Callback.hpp:386:18:void touchgfx::Callback<dest_type, T1, void, void>::execute(T1) [with dest_type = HomeViewBase; T1 = const touchgfx::AbstractButton&]	8	static
../../CM7/../../CM7/Middlewares/ST/touchgfx/framework/include/touchgfx/Callback.hpp:396:18:bool touchgfx::Callback<dest_type, T1, void, void>::isValid() const [with dest_type = HomeViewBase; T1 = const touchgfx::AbstractButton&]	0	static
../../CM7/../../CM7/Middlewares/ST/touchgfx/framework/include/touchgfx/TypedText.hpp:65:13:virtual touchgfx::TypedText::~TypedText()	8	static
../../CM7/../../CM7/Middlewares/ST/touchgfx/framework/include/touchgfx/Callback.hpp:357:8:virtual touchgfx::Callback<HomeViewBase, const touchgfx::AbstractButton&>::~Callback()	8	static
C:/Users/lisaf/Documents/GitHub/Croustibot/IHM/CM7/TouchGFX/generated/gui_generated/src/home_screen/HomeViewBase.cpp:65:1:virtual HomeViewBase::~HomeViewBase()	8	static
C:/Users/lisaf/Documents/GitHub/Croustibot/IHM/CM7/TouchGFX/generated/gui_generated/src/home_screen/HomeViewBase.cpp:75:6:void HomeViewBase::buttonCallbackHandler(const touchgfx::AbstractButton&)	16	static
C:/Users/lisaf/Documents/GitHub/Croustibot/IHM/CM7/TouchGFX/generated/gui_generated/src/home_screen/HomeViewBase.cpp:9:1:HomeViewBase::HomeViewBase()	120	static
