../../CM7/../../CM7/Middlewares/ST/touchgfx/framework/include/touchgfx/Screen.hpp:104:18:virtual void touchgfx::Screen::afterTransition()	0	static
../../CM7/../../CM7/Middlewares/ST/touchgfx/framework/include/touchgfx/Screen.hpp:115:18:virtual void touchgfx::Screen::tearDownScreen()	0	static
../../CM7/../../CM7/Middlewares/ST/touchgfx/framework/include/touchgfx/Screen.hpp:154:18:virtual void touchgfx::Screen::handleKeyEvent(uint8_t)	0	static
../../CM7/../../CM7/Middlewares/ST/touchgfx/framework/include/touchgfx/TypedText.hpp:65:13:touchgfx::TypedText::~TypedText()	0	static
../../CM7/../../CM7/TouchGFX/generated/gui_generated/include/gui_generated/robot_pret_screen/Robot_pretViewBase.hpp:30:18:virtual void Robot_pretViewBase::attente_tirette()	0	static
../../CM7/../../CM7/Middlewares/ST/touchgfx/framework/include/touchgfx/Callback.hpp:357:8:touchgfx::Callback<Robot_pretViewBase, const touchgfx::AbstractButton&>::~Callback()	0	static
E:/Github/Croustibot/IHM/CM7/TouchGFX/generated/gui_generated/src/robot_pret_screen/Robot_pretViewBase.cpp:52:1:Robot_pretViewBase::~Robot_pretViewBase()	0	static
E:/Github/Croustibot/IHM/CM7/TouchGFX/generated/gui_generated/src/robot_pret_screen/Robot_pretViewBase.cpp:57:6:virtual void Robot_pretViewBase::setupScreen()	0	static
E:/Github/Croustibot/IHM/CM7/TouchGFX/generated/gui_generated/src/robot_pret_screen/Robot_pretViewBase.cpp:85:6:virtual void Robot_pretViewBase::handleTickEvent()	8	static
../../CM7/../../CM7/Middlewares/ST/touchgfx/framework/include/touchgfx/Callback.hpp:386:18:void touchgfx::Callback<dest_type, T1, void, void>::execute(T1) [with dest_type = Robot_pretViewBase; T1 = const touchgfx::AbstractButton&]	8	static
../../CM7/../../CM7/Middlewares/ST/touchgfx/framework/include/touchgfx/Callback.hpp:396:18:bool touchgfx::Callback<dest_type, T1, void, void>::isValid() const [with dest_type = Robot_pretViewBase; T1 = const touchgfx::AbstractButton&]	0	static
../../CM7/../../CM7/Middlewares/ST/touchgfx/framework/include/touchgfx/TypedText.hpp:65:13:virtual touchgfx::TypedText::~TypedText()	8	static
../../CM7/../../CM7/Middlewares/ST/touchgfx/framework/include/touchgfx/Callback.hpp:357:8:virtual touchgfx::Callback<Robot_pretViewBase, const touchgfx::AbstractButton&>::~Callback()	8	static
E:/Github/Croustibot/IHM/CM7/TouchGFX/generated/gui_generated/src/robot_pret_screen/Robot_pretViewBase.cpp:52:1:virtual Robot_pretViewBase::~Robot_pretViewBase()	8	static
E:/Github/Croustibot/IHM/CM7/TouchGFX/generated/gui_generated/src/robot_pret_screen/Robot_pretViewBase.cpp:62:6:void Robot_pretViewBase::buttonCallbackHandler(const touchgfx::AbstractButton&)	16	static
E:/Github/Croustibot/IHM/CM7/TouchGFX/generated/gui_generated/src/robot_pret_screen/Robot_pretViewBase.cpp:93:6:virtual void Robot_pretViewBase::changeToRobot_en_match()	8	static
E:/Github/Croustibot/IHM/CM7/TouchGFX/generated/gui_generated/src/robot_pret_screen/Robot_pretViewBase.cpp:9:1:Robot_pretViewBase::Robot_pretViewBase()	128	static
