../../CM7/../../CM7/Middlewares/ST/touchgfx/framework/include/touchgfx/Screen.hpp:104:18:virtual void touchgfx::Screen::afterTransition()	0	static
../../CM7/../../CM7/Middlewares/ST/touchgfx/framework/include/touchgfx/Screen.hpp:115:18:virtual void touchgfx::Screen::tearDownScreen()	0	static
../../CM7/../../CM7/Middlewares/ST/touchgfx/framework/include/touchgfx/Screen.hpp:154:18:virtual void touchgfx::Screen::handleKeyEvent(uint8_t)	0	static
../../CM7/../../CM7/Middlewares/ST/touchgfx/framework/include/touchgfx/TypedText.hpp:65:13:touchgfx::TypedText::~TypedText()	0	static
../../CM7/../../CM7/TouchGFX/generated/gui_generated/include/gui_generated/robot_en_match_screen/Robot_en_matchViewBase.hpp:25:18:virtual void Robot_en_matchViewBase::robot_en_match_tick()	0	static
C:/Users/lisaf/Documents/GitHub/Croustibot/IHM/CM7/TouchGFX/generated/gui_generated/src/robot_en_match_screen/Robot_en_matchViewBase.cpp:31:1:Robot_en_matchViewBase::~Robot_en_matchViewBase()	0	static
C:/Users/lisaf/Documents/GitHub/Croustibot/IHM/CM7/TouchGFX/generated/gui_generated/src/robot_en_match_screen/Robot_en_matchViewBase.cpp:36:6:virtual void Robot_en_matchViewBase::setupScreen()	0	static
C:/Users/lisaf/Documents/GitHub/Croustibot/IHM/CM7/TouchGFX/generated/gui_generated/src/robot_en_match_screen/Robot_en_matchViewBase.cpp:41:6:virtual void Robot_en_matchViewBase::handleTickEvent()	8	static
../../CM7/../../CM7/Middlewares/ST/touchgfx/framework/include/touchgfx/TypedText.hpp:65:13:virtual touchgfx::TypedText::~TypedText()	8	static
C:/Users/lisaf/Documents/GitHub/Croustibot/IHM/CM7/TouchGFX/generated/gui_generated/src/robot_en_match_screen/Robot_en_matchViewBase.cpp:31:1:virtual Robot_en_matchViewBase::~Robot_en_matchViewBase()	8	static
C:/Users/lisaf/Documents/GitHub/Croustibot/IHM/CM7/TouchGFX/generated/gui_generated/src/robot_en_match_screen/Robot_en_matchViewBase.cpp:9:1:Robot_en_matchViewBase::Robot_en_matchViewBase()	64	static
