C:/Users/Dany/Documents/Github/ESE_Robotique/IHM/CM4/Core/Src/main.c:67:9:__io_putchar	1
C:/Users/Dany/Documents/Github/ESE_Robotique/IHM/CM4/Core/Src/main.c:71:9:__io_getchar	1
C:/Users/Dany/Documents/Github/ESE_Robotique/IHM/CM4/Core/Src/main.c:81:5:main	2
C:/Users/Dany/Documents/Github/ESE_Robotique/IHM/CM4/Core/Src/main.c:144:13:MX_USART1_UART_Init	5
C:/Users/Dany/Documents/Github/ESE_Robotique/IHM/CM4/Core/Src/main.c:190:13:MX_MDMA_Init	1
C:/Users/Dany/Documents/Github/ESE_Robotique/IHM/CM4/Core/Src/main.c:204:13:MX_GPIO_Init	1
C:/Users/Dany/Documents/Github/ESE_Robotique/IHM/CM4/Core/Src/main.c:226:6:Error_Handler	1
