C:/Users/Dany/Documents/Github/Croustibot/IHM/CM4/Core/Src/main.c:69:9:__io_putchar	1
C:/Users/Dany/Documents/Github/Croustibot/IHM/CM4/Core/Src/main.c:73:9:__io_getchar	1
C:/Users/Dany/Documents/Github/Croustibot/IHM/CM4/Core/Src/main.c:83:5:main	2
C:/Users/Dany/Documents/Github/Croustibot/IHM/CM4/Core/Src/main.c:146:13:MX_USART1_UART_Init	5
C:/Users/Dany/Documents/Github/Croustibot/IHM/CM4/Core/Src/main.c:192:13:MX_MDMA_Init	1
C:/Users/Dany/Documents/Github/Croustibot/IHM/CM4/Core/Src/main.c:206:13:MX_GPIO_Init	1
C:/Users/Dany/Documents/Github/Croustibot/IHM/CM4/Core/Src/main.c:228:6:Error_Handler	1
