C:/Users/Dany/Documents/Github/ESE_Robotique/IHM/CM4/Core/Src/main.c:67:9:__io_putchar	16	static
C:/Users/Dany/Documents/Github/ESE_Robotique/IHM/CM4/Core/Src/main.c:71:9:__io_getchar	16	static
C:/Users/Dany/Documents/Github/ESE_Robotique/IHM/CM4/Core/Src/main.c:81:5:main	16	static
C:/Users/Dany/Documents/Github/ESE_Robotique/IHM/CM4/Core/Src/main.c:144:13:MX_USART1_UART_Init	8	static
C:/Users/Dany/Documents/Github/ESE_Robotique/IHM/CM4/Core/Src/main.c:190:13:MX_MDMA_Init	16	static
C:/Users/Dany/Documents/Github/ESE_Robotique/IHM/CM4/Core/Src/main.c:204:13:MX_GPIO_Init	24	static
C:/Users/Dany/Documents/Github/ESE_Robotique/IHM/CM4/Core/Src/main.c:226:6:Error_Handler	4	static,ignoring_inline_asm
