/Shared/Github/Croustibot/IHM/CM4/Core/Src/main.c:68:5:_write	24	static
/Shared/Github/Croustibot/IHM/CM4/Core/Src/main.c:76:9:__io_putchar	16	static
/Shared/Github/Croustibot/IHM/CM4/Core/Src/main.c:80:9:__io_getchar	16	static
/Shared/Github/Croustibot/IHM/CM4/Core/Src/main.c:90:5:main	16	static
/Shared/Github/Croustibot/IHM/CM4/Core/Src/main.c:153:13:MX_USART1_UART_Init	8	static
/Shared/Github/Croustibot/IHM/CM4/Core/Src/main.c:199:13:MX_MDMA_Init	16	static
/Shared/Github/Croustibot/IHM/CM4/Core/Src/main.c:213:13:MX_GPIO_Init	24	static
/Shared/Github/Croustibot/IHM/CM4/Core/Src/main.c:235:6:Error_Handler	4	static
