C:/Users/lisaf/STM32CubeIDE/workspace_1.15.1/SAE_ESCAPEBOT/GOOD/31_03_25/ihm_coupe_geii/Drivers/BSP/STM32H747I-Discovery/stm32h747i_discovery_sdram.c:169:9:BSP_SDRAM_DeInit	8	static
C:/Users/lisaf/STM32CubeIDE/workspace_1.15.1/SAE_ESCAPEBOT/GOOD/31_03_25/ihm_coupe_geii/Drivers/BSP/STM32H747I-Discovery/stm32h747i_discovery_sdram.c:200:26:MX_SDRAM_Init	40	static
C:/Users/lisaf/STM32CubeIDE/workspace_1.15.1/SAE_ESCAPEBOT/GOOD/31_03_25/ihm_coupe_geii/Drivers/BSP/STM32H747I-Discovery/stm32h747i_discovery_sdram.c:107:9:BSP_SDRAM_Init	72	static
C:/Users/lisaf/STM32CubeIDE/workspace_1.15.1/SAE_ESCAPEBOT/GOOD/31_03_25/ihm_coupe_geii/Drivers/BSP/STM32H747I-Discovery/stm32h747i_discovery_sdram.c:318:9:BSP_SDRAM_SendCmd	8	static
C:/Users/lisaf/STM32CubeIDE/workspace_1.15.1/SAE_ESCAPEBOT/GOOD/31_03_25/ihm_coupe_geii/Drivers/BSP/STM32H747I-Discovery/stm32h747i_discovery_sdram.c:342:6:BSP_SDRAM_IRQHandler	8	static
