C:/Users/lisaf/Documents/GitHub/Croustibot/IHM/CM7/Core/Src/main.c:893:13:TouchGFX_Task	8	static
C:/Users/lisaf/Documents/GitHub/Croustibot/IHM/CM7/Core/Src/main.c:292:6:SystemClock_Config	120	static,ignoring_inline_asm
C:/Users/lisaf/Documents/GitHub/Croustibot/IHM/CM7/Core/Src/main.c:154:5:main	272	static,ignoring_inline_asm
C:/Users/lisaf/Documents/GitHub/Croustibot/IHM/CM7/Core/Src/main.c:983:6:HAL_TIM_PeriodElapsedCallback	8	static
C:/Users/lisaf/Documents/GitHub/Croustibot/IHM/CM7/Core/Src/main.c:1000:6:Error_Handler	0	static,ignoring_inline_asm
