../Application/User/Core/pathfinder.cpp:247:13:void _visit(pathfinder_t*, int32_t, int32_t)	40	static
../Application/User/Core/pathfinder.cpp:343:13:void _setOccupancy(pathfinder_t*, int32_t, int32_t, occupancy_status_t)	4	static
../Application/User/Core/pathfinder.cpp:170:13:void _retrace(pathfinder_t*, int32_t, int32_t, int32_t, int32_t, int8_t, int8_t)	80	static
../Application/User/Core/pathfinder.cpp:15:10:uint32_t _dist(int32_t, int32_t, int32_t, int32_t)	8	static
../Application/User/Core/pathfinder.cpp:17:6:void path_init(pathfinder_t*)	20	static
../Application/User/Core/pathfinder.cpp:30:6:void path_print(map_element_t (*)[100])	40	static
../Application/User/Core/pathfinder.cpp:287:6:bool path_process(pathfinder_t*)	96	dynamic
../Application/User/Core/pathfinder.cpp:336:6:void path_setPos(pathfinder_t*, int32_t, int32_t)	0	static
../Application/User/Core/pathfinder.cpp:348:6:void path_addObstacle(pathfinder_t*, int32_t, int32_t, uint8_t)	64	static
