../Application/User/Core/ringbuff.c:58:1:ringbuff_init	4	static
../Application/User/Core/ringbuff.c:82:1:ringbuff_is_ready	0	static
../Application/User/Core/ringbuff.c:93:1:ringbuff_free	0	static
../Application/User/Core/ringbuff.c:105:1:ringbuff_set_evt_fn	0	static
../Application/User/Core/ringbuff.c:259:1:ringbuff_get_free	0	static
../Application/User/Core/ringbuff.c:123:1:ringbuff_write	32	static
../Application/User/Core/ringbuff.c:287:1:ringbuff_get_full	0	static
../Application/User/Core/ringbuff.c:168:1:ringbuff_read	32	static
../Application/User/Core/ringbuff.c:212:1:ringbuff_peek	32	static
../Application/User/Core/ringbuff.c:312:1:ringbuff_reset	8	static
../Application/User/Core/ringbuff.c:326:1:ringbuff_get_linear_block_read_address	0	static
../Application/User/Core/ringbuff.c:339:1:ringbuff_get_linear_block_read_length	0	static
../Application/User/Core/ringbuff.c:369:1:ringbuff_skip	16	static
../Application/User/Core/ringbuff.c:392:1:ringbuff_get_linear_block_write_address	0	static
../Application/User/Core/ringbuff.c:405:1:ringbuff_get_linear_block_write_length	0	static
../Application/User/Core/ringbuff.c:447:1:ringbuff_advance	16	static
