C:/Users/lisaf/Documents/GitHub/Croustibot/IHM/CM7/Core/Src/stm32h7xx_hal_msp.c:67:6:HAL_MspInit	16	static
C:/Users/lisaf/Documents/GitHub/Croustibot/IHM/CM7/Core/Src/stm32h7xx_hal_msp.c:91:6:HAL_CRC_MspInit	8	static
C:/Users/lisaf/Documents/GitHub/Croustibot/IHM/CM7/Core/Src/stm32h7xx_hal_msp.c:114:6:HAL_CRC_MspDeInit	0	static
C:/Users/lisaf/Documents/GitHub/Croustibot/IHM/CM7/Core/Src/stm32h7xx_hal_msp.c:136:6:HAL_DMA2D_MspInit	16	static
C:/Users/lisaf/Documents/GitHub/Croustibot/IHM/CM7/Core/Src/stm32h7xx_hal_msp.c:162:6:HAL_DMA2D_MspDeInit	8	static
C:/Users/lisaf/Documents/GitHub/Croustibot/IHM/CM7/Core/Src/stm32h7xx_hal_msp.c:187:6:HAL_DSI_MspInit	240	static
C:/Users/lisaf/Documents/GitHub/Croustibot/IHM/CM7/Core/Src/stm32h7xx_hal_msp.c:243:6:HAL_DSI_MspDeInit	8	static
C:/Users/lisaf/Documents/GitHub/Croustibot/IHM/CM7/Core/Src/stm32h7xx_hal_msp.c:279:6:HAL_FDCAN_MspInit	240	static
C:/Users/lisaf/Documents/GitHub/Croustibot/IHM/CM7/Core/Src/stm32h7xx_hal_msp.c:330:6:HAL_FDCAN_MspDeInit	8	static
C:/Users/lisaf/Documents/GitHub/Croustibot/IHM/CM7/Core/Src/stm32h7xx_hal_msp.c:361:6:HAL_JPEG_MspInit	16	static
C:/Users/lisaf/Documents/GitHub/Croustibot/IHM/CM7/Core/Src/stm32h7xx_hal_msp.c:445:6:HAL_JPEG_MspDeInit	8	static
C:/Users/lisaf/Documents/GitHub/Croustibot/IHM/CM7/Core/Src/stm32h7xx_hal_msp.c:474:6:HAL_LTDC_MspInit	216	static
C:/Users/lisaf/Documents/GitHub/Croustibot/IHM/CM7/Core/Src/stm32h7xx_hal_msp.c:518:6:HAL_LTDC_MspDeInit	8	static
C:/Users/lisaf/Documents/GitHub/Croustibot/IHM/CM7/Core/Src/stm32h7xx_hal_msp.c:543:6:HAL_QSPI_MspInit	272	static
C:/Users/lisaf/Documents/GitHub/Croustibot/IHM/CM7/Core/Src/stm32h7xx_hal_msp.c:645:6:HAL_QSPI_MspDeInit	8	static
C:/Users/lisaf/Documents/GitHub/Croustibot/IHM/CM7/Core/Src/stm32h7xx_hal_msp.c:831:6:HAL_SDRAM_MspInit	248	static
C:/Users/lisaf/Documents/GitHub/Croustibot/IHM/CM7/Core/Src/stm32h7xx_hal_msp.c:941:6:HAL_SDRAM_MspDeInit	8	static
