../../CM7/../../CM7/Middlewares/ST/touchgfx/framework/include/touchgfx/Screen.hpp:104:18:virtual void touchgfx::Screen::afterTransition()	0	static
../../CM7/../../CM7/Middlewares/ST/touchgfx/framework/include/touchgfx/Screen.hpp:144:18:virtual void touchgfx::Screen::handleTickEvent()	0	static
../../CM7/../../CM7/Middlewares/ST/touchgfx/framework/include/touchgfx/Screen.hpp:154:18:virtual void touchgfx::Screen::handleKeyEvent(uint8_t)	0	static
C:/Users/lisaf/STM32CubeIDE/workspace_1.15.1/SAE_ESCAPEBOT/GOOD/31_03_25/ihm_coupe_geii/CM7/TouchGFX/gui/src/choix_strategie_screen/Choix_strategieView.cpp:18:6:virtual void Choix_strategieView::tearDownScreen()	0	static
C:/Users/lisaf/STM32CubeIDE/workspace_1.15.1/SAE_ESCAPEBOT/GOOD/31_03_25/ihm_coupe_geii/CM7/TouchGFX/gui/src/choix_strategie_screen/Choix_strategieView.cpp:23:6:virtual void Choix_strategieView::strategie_1()	0	static
C:/Users/lisaf/STM32CubeIDE/workspace_1.15.1/SAE_ESCAPEBOT/GOOD/31_03_25/ihm_coupe_geii/CM7/TouchGFX/gui/src/choix_strategie_screen/Choix_strategieView.cpp:28:6:virtual void Choix_strategieView::strategie_2()	0	static
C:/Users/lisaf/STM32CubeIDE/workspace_1.15.1/SAE_ESCAPEBOT/GOOD/31_03_25/ihm_coupe_geii/CM7/TouchGFX/gui/src/choix_strategie_screen/Choix_strategieView.cpp:33:6:virtual void Choix_strategieView::strategie_3()	0	static
C:/Users/lisaf/STM32CubeIDE/workspace_1.15.1/SAE_ESCAPEBOT/GOOD/31_03_25/ihm_coupe_geii/CM7/TouchGFX/gui/src/choix_strategie_screen/Choix_strategieView.cpp:38:6:virtual void Choix_strategieView::strategie_4()	0	static
C:/Users/lisaf/STM32CubeIDE/workspace_1.15.1/SAE_ESCAPEBOT/GOOD/31_03_25/ihm_coupe_geii/CM7/TouchGFX/gui/src/choix_strategie_screen/Choix_strategieView.cpp:43:6:virtual void Choix_strategieView::strategie_5()	0	static
C:/Users/lisaf/STM32CubeIDE/workspace_1.15.1/SAE_ESCAPEBOT/GOOD/31_03_25/ihm_coupe_geii/CM7/TouchGFX/gui/src/choix_strategie_screen/Choix_strategieView.cpp:48:6:virtual void Choix_strategieView::strategie_6()	0	static
C:/Users/lisaf/STM32CubeIDE/workspace_1.15.1/SAE_ESCAPEBOT/GOOD/31_03_25/ihm_coupe_geii/CM7/TouchGFX/gui/src/choix_strategie_screen/Choix_strategieView.cpp:53:6:virtual void Choix_strategieView::valider_strat()	0	static
../../CM7/../../CM7/TouchGFX/gui/include/gui/choix_strategie_screen/Choix_strategieView.hpp:11:13:Choix_strategieView::~Choix_strategieView()	8	static
../../CM7/../../CM7/TouchGFX/gui/include/gui/choix_strategie_screen/Choix_strategieView.hpp:11:13:virtual Choix_strategieView::~Choix_strategieView()	8	static
C:/Users/lisaf/STM32CubeIDE/workspace_1.15.1/SAE_ESCAPEBOT/GOOD/31_03_25/ihm_coupe_geii/CM7/TouchGFX/gui/src/choix_strategie_screen/Choix_strategieView.cpp:8:1:Choix_strategieView::Choix_strategieView()	8	static
C:/Users/lisaf/STM32CubeIDE/workspace_1.15.1/SAE_ESCAPEBOT/GOOD/31_03_25/ihm_coupe_geii/CM7/TouchGFX/gui/src/choix_strategie_screen/Choix_strategieView.cpp:13:6:virtual void Choix_strategieView::setupScreen()	8	static
