../../CM7/../../CM7/Middlewares/ST/touchgfx/framework/include/touchgfx/Screen.hpp:104:18:virtual void touchgfx::Screen::afterTransition()	0	static
../../CM7/../../CM7/Middlewares/ST/touchgfx/framework/include/touchgfx/Screen.hpp:144:18:virtual void touchgfx::Screen::handleTickEvent()	0	static
../../CM7/../../CM7/Middlewares/ST/touchgfx/framework/include/touchgfx/Screen.hpp:154:18:virtual void touchgfx::Screen::handleKeyEvent(uint8_t)	0	static
C:/Users/lisaf/STM32CubeIDE/workspace_1.15.1/SAE_ESCAPEBOT/GOOD/31_03_25/ihm_coupe_geii/CM7/TouchGFX/gui/src/choix_tests_screen/Choix_testsView.cpp:13:6:virtual void Choix_testsView::tearDownScreen()	0	static
../../CM7/../../CM7/TouchGFX/gui/include/gui/choix_tests_screen/Choix_testsView.hpp:11:13:Choix_testsView::~Choix_testsView()	8	static
../../CM7/../../CM7/TouchGFX/gui/include/gui/choix_tests_screen/Choix_testsView.hpp:11:13:virtual Choix_testsView::~Choix_testsView()	8	static
C:/Users/lisaf/STM32CubeIDE/workspace_1.15.1/SAE_ESCAPEBOT/GOOD/31_03_25/ihm_coupe_geii/CM7/TouchGFX/gui/src/choix_tests_screen/Choix_testsView.cpp:3:1:Choix_testsView::Choix_testsView()	8	static
C:/Users/lisaf/STM32CubeIDE/workspace_1.15.1/SAE_ESCAPEBOT/GOOD/31_03_25/ihm_coupe_geii/CM7/TouchGFX/gui/src/choix_tests_screen/Choix_testsView.cpp:8:6:virtual void Choix_testsView::setupScreen()	8	static
