../../CM7/../../CM7/TouchGFX/gui/include/gui/choix_strategie_screen/Choix_strategiePresenter.hpp:28:13:Choix_strategiePresenter::~Choix_strategiePresenter()	0	static
C:/Users/lisaf/STM32CubeIDE/workspace_1.15.1/SAE_ESCAPEBOT/GOOD/31_03_25/ihm_coupe_geii/CM7/TouchGFX/gui/src/choix_strategie_screen/Choix_strategiePresenter.cpp:10:6:virtual void Choix_strategiePresenter::activate()	0	static
C:/Users/lisaf/STM32CubeIDE/workspace_1.15.1/SAE_ESCAPEBOT/GOOD/31_03_25/ihm_coupe_geii/CM7/TouchGFX/gui/src/choix_strategie_screen/Choix_strategiePresenter.cpp:15:6:virtual void Choix_strategiePresenter::deactivate()	0	static
../../CM7/../../CM7/TouchGFX/gui/include/gui/choix_strategie_screen/Choix_strategiePresenter.hpp:28:13:virtual Choix_strategiePresenter::~Choix_strategiePresenter()	8	static
../../CM7/../../CM7/TouchGFX/gui/include/gui/choix_strategie_screen/Choix_strategiePresenter.hpp:28:13:virtual void* Choix_strategiePresenter::_ZThn4_N24Choix_strategiePresenterD1Ev()	0	static
../../CM7/../../CM7/TouchGFX/gui/include/gui/choix_strategie_screen/Choix_strategiePresenter.hpp:28:13:virtual void* Choix_strategiePresenter::_ZThn4_N24Choix_strategiePresenterD0Ev()	8	static
C:/Users/lisaf/STM32CubeIDE/workspace_1.15.1/SAE_ESCAPEBOT/GOOD/31_03_25/ihm_coupe_geii/CM7/TouchGFX/gui/src/choix_strategie_screen/Choix_strategiePresenter.cpp:4:1:Choix_strategiePresenter::Choix_strategiePresenter(Choix_strategieView&)	0	static
