../../CM7/../../CM7/TouchGFX/gui/include/gui/home_screen/HomePresenter.hpp:28:13:HomePresenter::~HomePresenter()	0	static
C:/Users/lisaf/STM32CubeIDE/workspace_1.15.1/SAE_ESCAPEBOT/GOOD/31_03_25/ihm_coupe_geii/CM7/TouchGFX/gui/src/home_screen/HomePresenter.cpp:10:6:virtual void HomePresenter::activate()	0	static
C:/Users/lisaf/STM32CubeIDE/workspace_1.15.1/SAE_ESCAPEBOT/GOOD/31_03_25/ihm_coupe_geii/CM7/TouchGFX/gui/src/home_screen/HomePresenter.cpp:15:6:virtual void HomePresenter::deactivate()	0	static
../../CM7/../../CM7/TouchGFX/gui/include/gui/home_screen/HomePresenter.hpp:28:13:virtual HomePresenter::~HomePresenter()	8	static
../../CM7/../../CM7/TouchGFX/gui/include/gui/home_screen/HomePresenter.hpp:28:13:virtual void* HomePresenter::_ZThn4_N13HomePresenterD1Ev()	0	static
../../CM7/../../CM7/TouchGFX/gui/include/gui/home_screen/HomePresenter.hpp:28:13:virtual void* HomePresenter::_ZThn4_N13HomePresenterD0Ev()	8	static
C:/Users/lisaf/STM32CubeIDE/workspace_1.15.1/SAE_ESCAPEBOT/GOOD/31_03_25/ihm_coupe_geii/CM7/TouchGFX/gui/src/home_screen/HomePresenter.cpp:4:1:HomePresenter::HomePresenter(HomeView&)	0	static
