../../CM7/../../CM7/Middlewares/ST/touchgfx/framework/include/touchgfx/Screen.hpp:104:18:virtual void touchgfx::Screen::afterTransition()	0	static
../../CM7/../../CM7/Middlewares/ST/touchgfx/framework/include/touchgfx/Screen.hpp:144:18:virtual void touchgfx::Screen::handleTickEvent()	0	static
../../CM7/../../CM7/Middlewares/ST/touchgfx/framework/include/touchgfx/Screen.hpp:154:18:virtual void touchgfx::Screen::handleKeyEvent(uint8_t)	0	static
C:/Users/lisaf/STM32CubeIDE/workspace_1.15.1/SAE_ESCAPEBOT/GOOD/31_03_25/ihm_coupe_geii/CM7/TouchGFX/gui/src/home_screen/HomeView.cpp:17:6:virtual void HomeView::tearDownScreen()	0	static
C:/Users/lisaf/STM32CubeIDE/workspace_1.15.1/SAE_ESCAPEBOT/GOOD/31_03_25/ihm_coupe_geii/CM7/TouchGFX/gui/src/home_screen/HomeView.cpp:22:6:virtual void HomeView::pos_depart()	8	static
C:/Users/lisaf/STM32CubeIDE/workspace_1.15.1/SAE_ESCAPEBOT/GOOD/31_03_25/ihm_coupe_geii/CM7/TouchGFX/gui/src/home_screen/HomeView.cpp:27:6:virtual void HomeView::envoi_trame_can()	56	static
../../CM7/../../CM7/TouchGFX/gui/include/gui/home_screen/HomeView.hpp:11:13:HomeView::~HomeView()	8	static
../../CM7/../../CM7/TouchGFX/gui/include/gui/home_screen/HomeView.hpp:11:13:virtual HomeView::~HomeView()	8	static
C:/Users/lisaf/STM32CubeIDE/workspace_1.15.1/SAE_ESCAPEBOT/GOOD/31_03_25/ihm_coupe_geii/CM7/TouchGFX/gui/src/home_screen/HomeView.cpp:7:1:HomeView::HomeView()	8	static
C:/Users/lisaf/STM32CubeIDE/workspace_1.15.1/SAE_ESCAPEBOT/GOOD/31_03_25/ihm_coupe_geii/CM7/TouchGFX/gui/src/home_screen/HomeView.cpp:12:6:virtual void HomeView::setupScreen()	8	static
