../../CM7/../../CM7/TouchGFX/gui/include/gui/robot_pret_screen/Robot_pretPresenter.hpp:28:13:Robot_pretPresenter::~Robot_pretPresenter()	0	static
C:/Users/lisaf/STM32CubeIDE/workspace_1.15.1/SAE_ESCAPEBOT/GOOD/31_03_25/ihm_coupe_geii/CM7/TouchGFX/gui/src/robot_pret_screen/Robot_pretPresenter.cpp:10:6:virtual void Robot_pretPresenter::activate()	0	static
C:/Users/lisaf/STM32CubeIDE/workspace_1.15.1/SAE_ESCAPEBOT/GOOD/31_03_25/ihm_coupe_geii/CM7/TouchGFX/gui/src/robot_pret_screen/Robot_pretPresenter.cpp:15:6:virtual void Robot_pretPresenter::deactivate()	0	static
../../CM7/../../CM7/TouchGFX/gui/include/gui/robot_pret_screen/Robot_pretPresenter.hpp:28:13:virtual Robot_pretPresenter::~Robot_pretPresenter()	8	static
../../CM7/../../CM7/TouchGFX/gui/include/gui/robot_pret_screen/Robot_pretPresenter.hpp:28:13:virtual void* Robot_pretPresenter::_ZThn4_N19Robot_pretPresenterD1Ev()	0	static
../../CM7/../../CM7/TouchGFX/gui/include/gui/robot_pret_screen/Robot_pretPresenter.hpp:28:13:virtual void* Robot_pretPresenter::_ZThn4_N19Robot_pretPresenterD0Ev()	8	static
C:/Users/lisaf/STM32CubeIDE/workspace_1.15.1/SAE_ESCAPEBOT/GOOD/31_03_25/ihm_coupe_geii/CM7/TouchGFX/gui/src/robot_pret_screen/Robot_pretPresenter.cpp:4:1:Robot_pretPresenter::Robot_pretPresenter(Robot_pretView&)	0	static
