../../CM7/../../CM7/TouchGFX/gui/include/gui/test_lidar_2_screen/Test_lidar_2Presenter.hpp:28:13:Test_lidar_2Presenter::~Test_lidar_2Presenter()	0	static
C:/travail/Lisa_F/SAE_escapebot/25_11_24/ihm_coupe_geii/CM7/TouchGFX/gui/src/test_lidar_2_screen/Test_lidar_2Presenter.cpp:10:6:virtual void Test_lidar_2Presenter::activate()	0	static
../../CM7/../../CM7/TouchGFX/gui/include/gui/test_lidar_2_screen/Test_lidar_2Presenter.hpp:28:13:virtual Test_lidar_2Presenter::~Test_lidar_2Presenter()	8	static
../../CM7/../../CM7/TouchGFX/gui/include/gui/test_lidar_2_screen/Test_lidar_2Presenter.hpp:28:13:virtual void* Test_lidar_2Presenter::_ZThn4_N21Test_lidar_2PresenterD1Ev()	0	static
C:/travail/Lisa_F/SAE_escapebot/25_11_24/ihm_coupe_geii/CM7/TouchGFX/gui/src/test_lidar_2_screen/Test_lidar_2Presenter.cpp:4:1:Test_lidar_2Presenter::Test_lidar_2Presenter(Test_lidar_2View&)	0	static
