../../CM7/../../CM7/TouchGFX/gui/include/gui/test_lidar_1_screen/Test_lidar_1Presenter.hpp:28:13:Test_lidar_1Presenter::~Test_lidar_1Presenter()	0	static
C:/travail/Lisa_F/SAE_escapebot/25_11_24/ihm_coupe_geii/CM7/TouchGFX/gui/src/test_lidar_1_screen/Test_lidar_1Presenter.cpp:10:6:virtual void Test_lidar_1Presenter::activate()	0	static
../../CM7/../../CM7/TouchGFX/gui/include/gui/test_lidar_1_screen/Test_lidar_1Presenter.hpp:28:13:virtual Test_lidar_1Presenter::~Test_lidar_1Presenter()	8	static
../../CM7/../../CM7/TouchGFX/gui/include/gui/test_lidar_1_screen/Test_lidar_1Presenter.hpp:28:13:virtual void* Test_lidar_1Presenter::_ZThn4_N21Test_lidar_1PresenterD1Ev()	0	static
C:/travail/Lisa_F/SAE_escapebot/25_11_24/ihm_coupe_geii/CM7/TouchGFX/gui/src/test_lidar_1_screen/Test_lidar_1Presenter.cpp:4:1:Test_lidar_1Presenter::Test_lidar_1Presenter(Test_lidar_1View&)	0	static
