../../CM7/../../CM7/TouchGFX/gui/include/gui/test_lidar_screen/Test_lidarPresenter.hpp:28:13:Test_lidarPresenter::~Test_lidarPresenter()	0	static
C:/Users/lisaf/STM32CubeIDE/workspace_1.15.1/SAE_ESCAPEBOT/GOOD/31_03_25/ihm_coupe_geii/CM7/TouchGFX/gui/src/test_lidar_screen/Test_lidarPresenter.cpp:10:6:virtual void Test_lidarPresenter::activate()	0	static
C:/Users/lisaf/STM32CubeIDE/workspace_1.15.1/SAE_ESCAPEBOT/GOOD/31_03_25/ihm_coupe_geii/CM7/TouchGFX/gui/src/test_lidar_screen/Test_lidarPresenter.cpp:15:6:virtual void Test_lidarPresenter::deactivate()	0	static
../../CM7/../../CM7/TouchGFX/gui/include/gui/test_lidar_screen/Test_lidarPresenter.hpp:28:13:virtual Test_lidarPresenter::~Test_lidarPresenter()	8	static
../../CM7/../../CM7/TouchGFX/gui/include/gui/test_lidar_screen/Test_lidarPresenter.hpp:28:13:virtual void* Test_lidarPresenter::_ZThn4_N19Test_lidarPresenterD1Ev()	0	static
../../CM7/../../CM7/TouchGFX/gui/include/gui/test_lidar_screen/Test_lidarPresenter.hpp:28:13:virtual void* Test_lidarPresenter::_ZThn4_N19Test_lidarPresenterD0Ev()	8	static
C:/Users/lisaf/STM32CubeIDE/workspace_1.15.1/SAE_ESCAPEBOT/GOOD/31_03_25/ihm_coupe_geii/CM7/TouchGFX/gui/src/test_lidar_screen/Test_lidarPresenter.cpp:4:1:Test_lidarPresenter::Test_lidarPresenter(Test_lidarView&)	0	static
