C:/Users/lisaf/Documents/GitHub/Croustibot/IHM/CM4/LWIP/Target/ethernetif.c:169:13:low_level_init	24	static
C:/Users/lisaf/Documents/GitHub/Croustibot/IHM/CM4/LWIP/Target/ethernetif.c:273:14:low_level_output	80	static
C:/Users/lisaf/Documents/GitHub/Croustibot/IHM/CM4/LWIP/Target/ethernetif.c:320:22:low_level_input	24	static
C:/Users/lisaf/Documents/GitHub/Croustibot/IHM/CM4/LWIP/Target/ethernetif.c:341:6:ethernetif_input	24	static
C:/Users/lisaf/Documents/GitHub/Croustibot/IHM/CM4/LWIP/Target/ethernetif.c:391:7:ethernetif_init	16	static
C:/Users/lisaf/Documents/GitHub/Croustibot/IHM/CM4/LWIP/Target/ethernetif.c:442:6:pbuf_free_custom	24	static
C:/Users/lisaf/Documents/GitHub/Croustibot/IHM/CM4/LWIP/Target/ethernetif.c:464:7:sys_now	8	static
C:/Users/lisaf/Documents/GitHub/Croustibot/IHM/CM4/LWIP/Target/ethernetif.c:477:6:HAL_ETH_MspInit	64	static
C:/Users/lisaf/Documents/GitHub/Croustibot/IHM/CM4/LWIP/Target/ethernetif.c:531:6:HAL_ETH_MspDeInit	16	static
C:/Users/lisaf/Documents/GitHub/Croustibot/IHM/CM4/LWIP/Target/ethernetif.c:574:9:ETH_PHY_IO_Init	8	static
C:/Users/lisaf/Documents/GitHub/Croustibot/IHM/CM4/LWIP/Target/ethernetif.c:591:9:ETH_PHY_IO_DeInit	4	static
C:/Users/lisaf/Documents/GitHub/Croustibot/IHM/CM4/LWIP/Target/ethernetif.c:603:9:ETH_PHY_IO_ReadReg	24	static
C:/Users/lisaf/Documents/GitHub/Croustibot/IHM/CM4/LWIP/Target/ethernetif.c:620:9:ETH_PHY_IO_WriteReg	24	static
C:/Users/lisaf/Documents/GitHub/Croustibot/IHM/CM4/LWIP/Target/ethernetif.c:634:9:ETH_PHY_IO_GetTick	8	static
C:/Users/lisaf/Documents/GitHub/Croustibot/IHM/CM4/LWIP/Target/ethernetif.c:643:6:ethernet_link_check_state	136	static
C:/Users/lisaf/Documents/GitHub/Croustibot/IHM/CM4/LWIP/Target/ethernetif.c:701:6:HAL_ETH_RxAllocateCallback	32	static
C:/Users/lisaf/Documents/GitHub/Croustibot/IHM/CM4/LWIP/Target/ethernetif.c:723:6:HAL_ETH_RxLinkCallback	40	static
C:/Users/lisaf/Documents/GitHub/Croustibot/IHM/CM4/LWIP/Target/ethernetif.c:760:6:HAL_ETH_TxFreeCallback	16	static
