C:/Users/lisaf/STM32CubeIDE/workspace_1.15.1/SAE_ESCAPEBOT/GOOD/31_03_25/ihm_coupe_geii/Middlewares/Third_Party/LibJPEG/source/jcmainct.c:69:1:start_pass_main	8	static
C:/Users/lisaf/STM32CubeIDE/workspace_1.15.1/SAE_ESCAPEBOT/GOOD/31_03_25/ihm_coupe_geii/Middlewares/Third_Party/LibJPEG/source/jcmainct.c:113:1:process_data_simple_main	64	static
C:/Users/lisaf/STM32CubeIDE/workspace_1.15.1/SAE_ESCAPEBOT/GOOD/31_03_25/ihm_coupe_geii/Middlewares/Third_Party/LibJPEG/source/jcmainct.c:245:1:jinit_c_main_controller	32	static
