C:/Users/lisaf/STM32CubeIDE/workspace_1.15.1/SAE_ESCAPEBOT/GOOD/31_03_25/ihm_coupe_geii/Middlewares/Third_Party/LibJPEG/source/jcparam.c:531:1:fill_dc_scans	12	static
C:/Users/lisaf/STM32CubeIDE/workspace_1.15.1/SAE_ESCAPEBOT/GOOD/31_03_25/ihm_coupe_geii/Middlewares/Third_Party/LibJPEG/source/jcparam.c:169:1:add_huff_table	24	static
C:/Users/lisaf/STM32CubeIDE/workspace_1.15.1/SAE_ESCAPEBOT/GOOD/31_03_25/ihm_coupe_geii/Middlewares/Third_Party/LibJPEG/source/jcparam.c:24:1:jpeg_add_quant_table	24	static
C:/Users/lisaf/STM32CubeIDE/workspace_1.15.1/SAE_ESCAPEBOT/GOOD/31_03_25/ihm_coupe_geii/Middlewares/Third_Party/LibJPEG/source/jcparam.c:91:1:jpeg_default_qtables	24	static
C:/Users/lisaf/STM32CubeIDE/workspace_1.15.1/SAE_ESCAPEBOT/GOOD/31_03_25/ihm_coupe_geii/Middlewares/Third_Party/LibJPEG/source/jcparam.c:106:1:jpeg_set_linear_quality	24	static
C:/Users/lisaf/STM32CubeIDE/workspace_1.15.1/SAE_ESCAPEBOT/GOOD/31_03_25/ihm_coupe_geii/Middlewares/Third_Party/LibJPEG/source/jcparam.c:123:1:jpeg_quality_scaling	0	static
C:/Users/lisaf/STM32CubeIDE/workspace_1.15.1/SAE_ESCAPEBOT/GOOD/31_03_25/ihm_coupe_geii/Middlewares/Third_Party/LibJPEG/source/jcparam.c:149:1:jpeg_set_quality	16	static
C:/Users/lisaf/STM32CubeIDE/workspace_1.15.1/SAE_ESCAPEBOT/GOOD/31_03_25/ihm_coupe_geii/Middlewares/Third_Party/LibJPEG/source/jcparam.c:413:1:jpeg_set_colorspace	16	static
C:/Users/lisaf/STM32CubeIDE/workspace_1.15.1/SAE_ESCAPEBOT/GOOD/31_03_25/ihm_coupe_geii/Middlewares/Third_Party/LibJPEG/source/jcparam.c:381:1:jpeg_default_colorspace	8	static
C:/Users/lisaf/STM32CubeIDE/workspace_1.15.1/SAE_ESCAPEBOT/GOOD/31_03_25/ihm_coupe_geii/Middlewares/Third_Party/LibJPEG/source/jcparam.c:285:1:jpeg_set_defaults	8	static
C:/Users/lisaf/STM32CubeIDE/workspace_1.15.1/SAE_ESCAPEBOT/GOOD/31_03_25/ihm_coupe_geii/Middlewares/Third_Party/LibJPEG/source/jcparam.c:559:1:jpeg_simple_progression	24	static
