C:/Users/lisaf/STM32CubeIDE/workspace_1.15.1/SAE_ESCAPEBOT/GOOD/31_03_25/ihm_coupe_geii/Middlewares/Third_Party/LibJPEG/source/jcsample.c:84:1:start_pass_downsample	0	static
C:/Users/lisaf/STM32CubeIDE/workspace_1.15.1/SAE_ESCAPEBOT/GOOD/31_03_25/ihm_coupe_geii/Middlewares/Third_Party/LibJPEG/source/jcsample.c:96:1:expand_right_edge	8	static
C:/Users/lisaf/STM32CubeIDE/workspace_1.15.1/SAE_ESCAPEBOT/GOOD/31_03_25/ihm_coupe_geii/Middlewares/Third_Party/LibJPEG/source/jcsample.c:123:1:sep_downsample	40	static
C:/Users/lisaf/STM32CubeIDE/workspace_1.15.1/SAE_ESCAPEBOT/GOOD/31_03_25/ihm_coupe_geii/Middlewares/Third_Party/LibJPEG/source/jcsample.c:150:1:int_downsample	64	static
C:/Users/lisaf/STM32CubeIDE/workspace_1.15.1/SAE_ESCAPEBOT/GOOD/31_03_25/ihm_coupe_geii/Middlewares/Third_Party/LibJPEG/source/jcsample.c:224:1:h2v1_downsample	24	static
C:/Users/lisaf/STM32CubeIDE/workspace_1.15.1/SAE_ESCAPEBOT/GOOD/31_03_25/ihm_coupe_geii/Middlewares/Third_Party/LibJPEG/source/jcsample.c:261:1:h2v2_downsample	32	static
C:/Users/lisaf/STM32CubeIDE/workspace_1.15.1/SAE_ESCAPEBOT/GOOD/31_03_25/ihm_coupe_geii/Middlewares/Third_Party/LibJPEG/source/jcsample.c:305:1:h2v2_smooth_downsample	88	static
C:/Users/lisaf/STM32CubeIDE/workspace_1.15.1/SAE_ESCAPEBOT/GOOD/31_03_25/ihm_coupe_geii/Middlewares/Third_Party/LibJPEG/source/jcsample.c:406:1:fullsize_smooth_downsample	64	static
C:/Users/lisaf/STM32CubeIDE/workspace_1.15.1/SAE_ESCAPEBOT/GOOD/31_03_25/ihm_coupe_geii/Middlewares/Third_Party/LibJPEG/source/jcsample.c:199:1:fullsize_downsample	24	static
C:/Users/lisaf/STM32CubeIDE/workspace_1.15.1/SAE_ESCAPEBOT/GOOD/31_03_25/ihm_coupe_geii/Middlewares/Third_Party/LibJPEG/source/jcsample.c:478:1:jinit_downsampler	48	static
