C:/Users/lisaf/STM32CubeIDE/workspace_1.15.1/SAE_ESCAPEBOT/GOOD/31_03_25/ihm_coupe_geii/Middlewares/Third_Party/LibJPEG/source/jdcoefct.c:80:1:start_iMCU_row	0	static
C:/Users/lisaf/STM32CubeIDE/workspace_1.15.1/SAE_ESCAPEBOT/GOOD/31_03_25/ihm_coupe_geii/Middlewares/Third_Party/LibJPEG/source/jdcoefct.c:108:1:start_input_pass	8	static
C:/Users/lisaf/STM32CubeIDE/workspace_1.15.1/SAE_ESCAPEBOT/GOOD/31_03_25/ihm_coupe_geii/Middlewares/Third_Party/LibJPEG/source/jdcoefct.c:230:1:dummy_consume_data	0	static
C:/Users/lisaf/STM32CubeIDE/workspace_1.15.1/SAE_ESCAPEBOT/GOOD/31_03_25/ihm_coupe_geii/Middlewares/Third_Party/LibJPEG/source/jdcoefct.c:246:1:consume_data	88	static
C:/Users/lisaf/STM32CubeIDE/workspace_1.15.1/SAE_ESCAPEBOT/GOOD/31_03_25/ihm_coupe_geii/Middlewares/Third_Party/LibJPEG/source/jdcoefct.c:317:1:decompress_data	72	static
C:/Users/lisaf/STM32CubeIDE/workspace_1.15.1/SAE_ESCAPEBOT/GOOD/31_03_25/ihm_coupe_geii/Middlewares/Third_Party/LibJPEG/source/jdcoefct.c:120:1:start_output_pass	24	static
C:/Users/lisaf/STM32CubeIDE/workspace_1.15.1/SAE_ESCAPEBOT/GOOD/31_03_25/ihm_coupe_geii/Middlewares/Third_Party/LibJPEG/source/jdcoefct.c:148:1:decompress_onepass	96	static
C:/Users/lisaf/STM32CubeIDE/workspace_1.15.1/SAE_ESCAPEBOT/GOOD/31_03_25/ihm_coupe_geii/Middlewares/Third_Party/LibJPEG/source/jdcoefct.c:463:1:decompress_smooth_data	320	static
C:/Users/lisaf/STM32CubeIDE/workspace_1.15.1/SAE_ESCAPEBOT/GOOD/31_03_25/ihm_coupe_geii/Middlewares/Third_Party/LibJPEG/source/jdcoefct.c:678:1:jinit_d_coef_controller	48	static
