C:/Users/lisaf/STM32CubeIDE/workspace_1.15.1/SAE_ESCAPEBOT/GOOD/31_03_25/ihm_coupe_geii/Middlewares/Third_Party/LibJPEG/source/jdinput.c:538:1:finish_input_pass	0	static
C:/Users/lisaf/STM32CubeIDE/workspace_1.15.1/SAE_ESCAPEBOT/GOOD/31_03_25/ihm_coupe_geii/Middlewares/Third_Party/LibJPEG/source/jdinput.c:619:1:reset_input_controller	16	static
C:/Users/lisaf/STM32CubeIDE/workspace_1.15.1/SAE_ESCAPEBOT/GOOD/31_03_25/ihm_coupe_geii/Middlewares/Third_Party/LibJPEG/source/jdinput.c:521:1:start_input_pass	40	static
C:/Users/lisaf/STM32CubeIDE/workspace_1.15.1/SAE_ESCAPEBOT/GOOD/31_03_25/ihm_coupe_geii/Middlewares/Third_Party/LibJPEG/source/jdinput.c:559:1:consume_markers	40	static
C:/Users/lisaf/STM32CubeIDE/workspace_1.15.1/SAE_ESCAPEBOT/GOOD/31_03_25/ihm_coupe_geii/Middlewares/Third_Party/LibJPEG/source/jdinput.c:47:1:jpeg_core_output_dimensions	8	static
C:/Users/lisaf/STM32CubeIDE/workspace_1.15.1/SAE_ESCAPEBOT/GOOD/31_03_25/ihm_coupe_geii/Middlewares/Third_Party/LibJPEG/source/jdinput.c:641:1:jinit_input_controller	8	static
