../../CM7/../../CM7/Middlewares/ST/touchgfx/framework/include/touchgfx/Screen.hpp:104:18:virtual void touchgfx::Screen::afterTransition()	0	static
../../CM7/../../CM7/Middlewares/ST/touchgfx/framework/include/touchgfx/Screen.hpp:154:18:virtual void touchgfx::Screen::handleKeyEvent(uint8_t)	0	static
E:/Github/Croustibot/IHM/CM7/TouchGFX/gui/src/robot_en_match_screen/Robot_en_matchView.cpp:149:6:virtual void Robot_en_matchView::tearDownScreen()	0	static
../../CM7/../../CM7/TouchGFX/gui/include/gui/robot_en_match_screen/Robot_en_matchView.hpp:11:13:Robot_en_matchView::~Robot_en_matchView()	8	static
../../CM7/../../CM7/TouchGFX/gui/include/gui/robot_en_match_screen/Robot_en_matchView.hpp:11:13:virtual Robot_en_matchView::~Robot_en_matchView()	8	static
E:/Github/Croustibot/IHM/CM7/TouchGFX/gui/src/robot_en_match_screen/Robot_en_matchView.cpp:57:6:void robot_stop()	56	static
E:/Github/Croustibot/IHM/CM7/TouchGFX/gui/src/robot_en_match_screen/Robot_en_matchView.cpp:75:6:void robot_goto(int16_t, int16_t)	64	static
E:/Github/Croustibot/IHM/CM7/TouchGFX/gui/src/robot_en_match_screen/Robot_en_matchView.cpp:104:6:void robot_moveby(float, float, bool)	16	static
E:/Github/Croustibot/IHM/CM7/TouchGFX/gui/src/robot_en_match_screen/Robot_en_matchView.cpp:112:6:void robot_resume()	8	static
E:/Github/Croustibot/IHM/CM7/TouchGFX/gui/src/robot_en_match_screen/Robot_en_matchView.cpp:117:6:void next_move()	8	static
E:/Github/Croustibot/IHM/CM7/TouchGFX/gui/src/robot_en_match_screen/Robot_en_matchView.cpp:157:6:virtual void Robot_en_matchView::robot_en_match_tick()	56	static
E:/Github/Croustibot/IHM/CM7/TouchGFX/gui/src/robot_en_match_screen/Robot_en_matchView.cpp:137:1:Robot_en_matchView::Robot_en_matchView()	8	static
E:/Github/Croustibot/IHM/CM7/TouchGFX/gui/src/robot_en_match_screen/Robot_en_matchView.cpp:141:6:virtual void Robot_en_matchView::setupScreen()	8	static
