../../CM7/../../CM7/Middlewares/ST/touchgfx/framework/include/touchgfx/Screen.hpp:104:18:virtual void touchgfx::Screen::afterTransition()	0	static
../../CM7/../../CM7/Middlewares/ST/touchgfx/framework/include/touchgfx/Screen.hpp:154:18:virtual void touchgfx::Screen::handleKeyEvent(uint8_t)	0	static
/Shared/Github/Croustibot/IHM/CM7/TouchGFX/gui/src/robot_en_match_screen/Robot_en_matchView.cpp:191:6:virtual void Robot_en_matchView::tearDownScreen()	0	static
/Shared/Github/Croustibot/IHM/CM7/TouchGFX/gui/src/robot_en_match_screen/Robot_en_matchView.cpp:199:6:void retreive(buff_point_t*)	0	static
../../CM7/../../CM7/TouchGFX/gui/include/gui/robot_en_match_screen/Robot_en_matchView.hpp:11:13:Robot_en_matchView::~Robot_en_matchView()	8	static
../../CM7/../../CM7/TouchGFX/gui/include/gui/robot_en_match_screen/Robot_en_matchView.hpp:11:13:virtual Robot_en_matchView::~Robot_en_matchView()	8	static
/Shared/Github/Croustibot/IHM/CM7/TouchGFX/gui/src/robot_en_match_screen/Robot_en_matchView.cpp:24:7:float error_to_dest()	0	static
/Shared/Github/Croustibot/IHM/CM7/TouchGFX/gui/src/robot_en_match_screen/Robot_en_matchView.cpp:74:6:void robot_stop()	56	static
/Shared/Github/Croustibot/IHM/CM7/TouchGFX/gui/src/robot_en_match_screen/Robot_en_matchView.cpp:93:6:void robot_moveby(float, float, bool)	80	static
/Shared/Github/Croustibot/IHM/CM7/TouchGFX/gui/src/robot_en_match_screen/Robot_en_matchView.cpp:128:6:void robot_goto(float, float)	16	static
/Shared/Github/Croustibot/IHM/CM7/TouchGFX/gui/src/robot_en_match_screen/Robot_en_matchView.cpp:139:6:void robot_goto_dest()	16	static
/Shared/Github/Croustibot/IHM/CM7/TouchGFX/gui/src/robot_en_match_screen/Robot_en_matchView.cpp:147:6:void robot_resume()	8	static
/Shared/Github/Croustibot/IHM/CM7/TouchGFX/gui/src/robot_en_match_screen/Robot_en_matchView.cpp:153:6:void next_move()	16	static
/Shared/Github/Croustibot/IHM/CM7/TouchGFX/gui/src/robot_en_match_screen/Robot_en_matchView.cpp:179:1:Robot_en_matchView::Robot_en_matchView()	8	static
/Shared/Github/Croustibot/IHM/CM7/TouchGFX/gui/src/robot_en_match_screen/Robot_en_matchView.cpp:210:6:void pts_process()	56	static
/Shared/Github/Croustibot/IHM/CM7/TouchGFX/gui/src/robot_en_match_screen/Robot_en_matchView.cpp:254:6:virtual void Robot_en_matchView::robot_en_match_tick()	56	static
/Shared/Github/Croustibot/IHM/CM7/TouchGFX/gui/src/robot_en_match_screen/Robot_en_matchView.cpp:183:6:virtual void Robot_en_matchView::setupScreen()	8	static
