../../CM7/../../CM7/Middlewares/ST/touchgfx/framework/include/touchgfx/Screen.hpp:104:18:virtual void touchgfx::Screen::afterTransition()	0	static
../../CM7/../../CM7/Middlewares/ST/touchgfx/framework/include/touchgfx/Screen.hpp:154:18:virtual void touchgfx::Screen::handleKeyEvent(uint8_t)	0	static
C:/Users/lisaf/Documents/GitHub/Croustibot/IHM/CM7/TouchGFX/gui/src/robot_en_match_screen/Robot_en_matchView.cpp:162:6:virtual void Robot_en_matchView::tearDownScreen()	0	static
../../CM7/../../CM7/TouchGFX/gui/include/gui/robot_en_match_screen/Robot_en_matchView.hpp:11:13:Robot_en_matchView::~Robot_en_matchView()	8	static
../../CM7/../../CM7/TouchGFX/gui/include/gui/robot_en_match_screen/Robot_en_matchView.hpp:11:13:virtual Robot_en_matchView::~Robot_en_matchView()	8	static
C:/Users/lisaf/Documents/GitHub/Croustibot/IHM/CM7/TouchGFX/gui/src/robot_en_match_screen/Robot_en_matchView.cpp:59:6:void robot_stop()	56	static
C:/Users/lisaf/Documents/GitHub/Croustibot/IHM/CM7/TouchGFX/gui/src/robot_en_match_screen/Robot_en_matchView.cpp:78:6:void robot_moveby(float, float, bool)	80	static
C:/Users/lisaf/Documents/GitHub/Croustibot/IHM/CM7/TouchGFX/gui/src/robot_en_match_screen/Robot_en_matchView.cpp:115:6:void robot_goto(float, float)	16	static
C:/Users/lisaf/Documents/GitHub/Croustibot/IHM/CM7/TouchGFX/gui/src/robot_en_match_screen/Robot_en_matchView.cpp:127:6:void robot_resume()	8	static
C:/Users/lisaf/Documents/GitHub/Croustibot/IHM/CM7/TouchGFX/gui/src/robot_en_match_screen/Robot_en_matchView.cpp:131:6:void next_move()	8	static
C:/Users/lisaf/Documents/GitHub/Croustibot/IHM/CM7/TouchGFX/gui/src/robot_en_match_screen/Robot_en_matchView.cpp:170:6:virtual void Robot_en_matchView::robot_en_match_tick()	56	static
C:/Users/lisaf/Documents/GitHub/Croustibot/IHM/CM7/TouchGFX/gui/src/robot_en_match_screen/Robot_en_matchView.cpp:150:1:Robot_en_matchView::Robot_en_matchView()	8	static
C:/Users/lisaf/Documents/GitHub/Croustibot/IHM/CM7/TouchGFX/gui/src/robot_en_match_screen/Robot_en_matchView.cpp:154:6:virtual void Robot_en_matchView::setupScreen()	8	static
