../../CM7/../../CM7/Middlewares/ST/touchgfx/framework/include/touchgfx/Screen.hpp:104:18:virtual void touchgfx::Screen::afterTransition()	0	static
../../CM7/../../CM7/Middlewares/ST/touchgfx/framework/include/touchgfx/Screen.hpp:144:18:virtual void touchgfx::Screen::handleTickEvent()	0	static
../../CM7/../../CM7/Middlewares/ST/touchgfx/framework/include/touchgfx/Screen.hpp:154:18:virtual void touchgfx::Screen::handleKeyEvent(uint8_t)	0	static
C:/travail/Lisa_F/SAE_escapebot/25_11_24/ihm_coupe_geii/CM7/TouchGFX/gui/src/test_lidar_1_screen/Test_lidar_1View.cpp:13:6:virtual void Test_lidar_1View::tearDownScreen()	0	static
../../CM7/../../CM7/TouchGFX/gui/include/gui/test_lidar_1_screen/Test_lidar_1View.hpp:11:13:Test_lidar_1View::~Test_lidar_1View()	8	static
../../CM7/../../CM7/TouchGFX/gui/include/gui/test_lidar_1_screen/Test_lidar_1View.hpp:11:13:virtual Test_lidar_1View::~Test_lidar_1View()	8	static
C:/travail/Lisa_F/SAE_escapebot/25_11_24/ihm_coupe_geii/CM7/TouchGFX/gui/src/test_lidar_1_screen/Test_lidar_1View.cpp:3:1:Test_lidar_1View::Test_lidar_1View()	8	static
C:/travail/Lisa_F/SAE_escapebot/25_11_24/ihm_coupe_geii/CM7/TouchGFX/gui/src/test_lidar_1_screen/Test_lidar_1View.cpp:8:6:virtual void Test_lidar_1View::setupScreen()	0	static
