../../CM7/../../CM7/TouchGFX/gui/include/gui/test_lidar_bas_screen/Test_lidar_basPresenter.hpp:28:13:Test_lidar_basPresenter::~Test_lidar_basPresenter()	0	static
C:/Users/lisaf/STM32CubeIDE/workspace_1.15.1/SAE_ESCAPEBOT/GOOD/28_03_25/ihm_coupe_geii/CM7/TouchGFX/gui/src/test_lidar_bas_screen/Test_lidar_basPresenter.cpp:10:6:virtual void Test_lidar_basPresenter::activate()	0	static
C:/Users/lisaf/STM32CubeIDE/workspace_1.15.1/SAE_ESCAPEBOT/GOOD/28_03_25/ihm_coupe_geii/CM7/TouchGFX/gui/src/test_lidar_bas_screen/Test_lidar_basPresenter.cpp:15:6:virtual void Test_lidar_basPresenter::deactivate()	0	static
../../CM7/../../CM7/TouchGFX/gui/include/gui/test_lidar_bas_screen/Test_lidar_basPresenter.hpp:28:13:virtual Test_lidar_basPresenter::~Test_lidar_basPresenter()	8	static
../../CM7/../../CM7/TouchGFX/gui/include/gui/test_lidar_bas_screen/Test_lidar_basPresenter.hpp:28:13:virtual void* Test_lidar_basPresenter::_ZThn4_N23Test_lidar_basPresenterD1Ev()	0	static
../../CM7/../../CM7/TouchGFX/gui/include/gui/test_lidar_bas_screen/Test_lidar_basPresenter.hpp:28:13:virtual void* Test_lidar_basPresenter::_ZThn4_N23Test_lidar_basPresenterD0Ev()	8	static
C:/Users/lisaf/STM32CubeIDE/workspace_1.15.1/SAE_ESCAPEBOT/GOOD/28_03_25/ihm_coupe_geii/CM7/TouchGFX/gui/src/test_lidar_bas_screen/Test_lidar_basPresenter.cpp:4:1:Test_lidar_basPresenter::Test_lidar_basPresenter(Test_lidar_basView&)	0	static
