../../CM7/../../CM7/TouchGFX/gui/include/gui/tests_moteurs_screen/Tests_moteursPresenter.hpp:28:13:Tests_moteursPresenter::~Tests_moteursPresenter()	0	static
C:/Users/lisaf/Documents/GitHub/Croustibot/IHM/CM7/TouchGFX/gui/src/tests_moteurs_screen/Tests_moteursPresenter.cpp:10:6:virtual void Tests_moteursPresenter::activate()	0	static
C:/Users/lisaf/Documents/GitHub/Croustibot/IHM/CM7/TouchGFX/gui/src/tests_moteurs_screen/Tests_moteursPresenter.cpp:15:6:virtual void Tests_moteursPresenter::deactivate()	0	static
../../CM7/../../CM7/TouchGFX/gui/include/gui/tests_moteurs_screen/Tests_moteursPresenter.hpp:28:13:virtual Tests_moteursPresenter::~Tests_moteursPresenter()	8	static
../../CM7/../../CM7/TouchGFX/gui/include/gui/tests_moteurs_screen/Tests_moteursPresenter.hpp:28:13:virtual void* Tests_moteursPresenter::_ZThn4_N22Tests_moteursPresenterD1Ev()	0	static
../../CM7/../../CM7/TouchGFX/gui/include/gui/tests_moteurs_screen/Tests_moteursPresenter.hpp:28:13:virtual void* Tests_moteursPresenter::_ZThn4_N22Tests_moteursPresenterD0Ev()	8	static
C:/Users/lisaf/Documents/GitHub/Croustibot/IHM/CM7/TouchGFX/gui/src/tests_moteurs_screen/Tests_moteursPresenter.cpp:4:1:Tests_moteursPresenter::Tests_moteursPresenter(Tests_moteursView&)	0	static
