../../CM7/../../CM7/Middlewares/ST/touchgfx/framework/include/touchgfx/Screen.hpp:104:18:virtual void touchgfx::Screen::afterTransition()	0	static
../../CM7/../../CM7/Middlewares/ST/touchgfx/framework/include/touchgfx/Screen.hpp:154:18:virtual void touchgfx::Screen::handleKeyEvent(uint8_t)	0	static
/Shared/Github/Croustibot/IHM/CM7/TouchGFX/gui/src/tests_moteurs_screen/Tests_moteursView.cpp:16:6:virtual void Tests_moteursView::tearDownScreen()	0	static
/Shared/Github/Croustibot/IHM/CM7/TouchGFX/gui/src/tests_moteurs_screen/Tests_moteursView.cpp:22:6:virtual void Tests_moteursView::moteurs_avancer()	0	static
/Shared/Github/Croustibot/IHM/CM7/TouchGFX/gui/src/tests_moteurs_screen/Tests_moteursView.cpp:97:6:virtual void Tests_moteursView::active_tout_le_tps()	0	static
/Shared/Github/Croustibot/IHM/CM7/TouchGFX/gui/src/tests_moteurs_screen/Tests_moteursView.cpp:39:6:virtual void Tests_moteursView::moteurs_tourner_90()	56	static
/Shared/Github/Croustibot/IHM/CM7/TouchGFX/gui/src/tests_moteurs_screen/Tests_moteursView.cpp:56:6:virtual void Tests_moteursView::moteurs_aller_la_bas()	56	static
/Shared/Github/Croustibot/IHM/CM7/TouchGFX/gui/src/tests_moteurs_screen/Tests_moteursView.cpp:80:6:virtual void Tests_moteursView::stop()	56	static
../../CM7/../../CM7/TouchGFX/gui/include/gui/tests_moteurs_screen/Tests_moteursView.hpp:12:13:Tests_moteursView::~Tests_moteursView()	8	static
../../CM7/../../CM7/TouchGFX/gui/include/gui/tests_moteurs_screen/Tests_moteursView.hpp:12:13:virtual Tests_moteursView::~Tests_moteursView()	8	static
/Shared/Github/Croustibot/IHM/CM7/TouchGFX/gui/src/tests_moteurs_screen/Tests_moteursView.cpp:6:1:Tests_moteursView::Tests_moteursView()	8	static
/Shared/Github/Croustibot/IHM/CM7/TouchGFX/gui/src/tests_moteurs_screen/Tests_moteursView.cpp:11:6:virtual void Tests_moteursView::setupScreen()	8	static
