../../CM7/../../CM7/Middlewares/ST/touchgfx/framework/include/touchgfx/Drawable.hpp:121:18:virtual void touchgfx::Drawable::invalidateContent() const	8	static
../../CM7/../../CM7/Middlewares/ST/touchgfx/framework/include/touchgfx/Drawable.hpp:147:23:virtual touchgfx::Drawable* touchgfx::Drawable::getFirstChild()	0	static
../../CM7/../../CM7/Middlewares/ST/touchgfx/framework/include/touchgfx/Drawable.hpp:315:18:virtual void touchgfx::Drawable::setX(int16_t)	0	static
../../CM7/../../CM7/Middlewares/ST/touchgfx/framework/include/touchgfx/Drawable.hpp:327:18:virtual void touchgfx::Drawable::setY(int16_t)	0	static
../../CM7/../../CM7/Middlewares/ST/touchgfx/framework/include/touchgfx/Drawable.hpp:356:18:virtual void touchgfx::Drawable::setWidth(int16_t)	0	static
../../CM7/../../CM7/Middlewares/ST/touchgfx/framework/include/touchgfx/Drawable.hpp:368:18:virtual void touchgfx::Drawable::setHeight(int16_t)	0	static
../../CM7/../../CM7/Middlewares/ST/touchgfx/framework/include/touchgfx/Drawable.hpp:378:18:virtual void touchgfx::Drawable::childGeometryChanged()	0	static
../../CM7/../../CM7/Middlewares/ST/touchgfx/framework/include/touchgfx/Drawable.hpp:389:18:virtual void touchgfx::Drawable::handleClickEvent(const touchgfx::ClickEvent&)	0	static
../../CM7/../../CM7/Middlewares/ST/touchgfx/framework/include/touchgfx/Drawable.hpp:401:18:virtual void touchgfx::Drawable::handleGestureEvent(const touchgfx::GestureEvent&)	0	static
../../CM7/../../CM7/Middlewares/ST/touchgfx/framework/include/touchgfx/Drawable.hpp:490:18:virtual void touchgfx::Drawable::handleDragEvent(const touchgfx::DragEvent&)	0	static
../../CM7/../../CM7/Middlewares/ST/touchgfx/framework/include/touchgfx/Drawable.hpp:588:18:virtual void touchgfx::Drawable::moveTo(int16_t, int16_t)	8	static
../../CM7/../../CM7/Middlewares/ST/touchgfx/framework/include/touchgfx/Drawable.hpp:703:18:virtual void touchgfx::Drawable::setupDrawChain(const touchgfx::Rect&, touchgfx::Drawable**)	0	static
../../CM7/../../CM7/Middlewares/ST/touchgfx/framework/include/touchgfx/widgets/Widget.hpp:45:18:virtual void touchgfx::Widget::getLastChild(int16_t, int16_t, touchgfx::Drawable**)	0	static
../../CM7/../../CM7/Middlewares/ST/touchgfx/framework/include/touchgfx/Screen.hpp:104:18:virtual void touchgfx::Screen::afterTransition()	0	static
../../CM7/../../CM7/Middlewares/ST/touchgfx/framework/include/touchgfx/Screen.hpp:154:18:virtual void touchgfx::Screen::handleKeyEvent(uint8_t)	0	static
../../CM7/../../CM7/Middlewares/ST/touchgfx/framework/include/touchgfx/widgets/canvas/AbstractPainter.hpp:61:34:virtual touchgfx::HAL::RenderingMethod touchgfx::AbstractPainter::getRenderingMethod() const	0	static
../../CM7/../../CM7/Middlewares/ST/touchgfx/framework/include/touchgfx/widgets/canvas/AbstractPainter.hpp:78:18:virtual bool touchgfx::AbstractPainter::setup(const touchgfx::Rect&) const	0	static
../../CM7/../../CM7/Middlewares/ST/touchgfx/framework/include/touchgfx/widgets/canvas/AbstractPainter.hpp:90:18:virtual void touchgfx::AbstractPainter::tearDown() const	0	static
../../CM7/../../CM7/Middlewares/ST/touchgfx/framework/include/touchgfx/widgets/canvas/CanvasWidget.hpp:66:18:virtual void touchgfx::CanvasWidget::setAlpha(uint8_t)	0	static
../../CM7/../../CM7/Middlewares/ST/touchgfx/framework/include/touchgfx/widgets/canvas/CanvasWidget.hpp:72:21:virtual uint8_t touchgfx::CanvasWidget::getAlpha() const	0	static
../../CM7/../../CM7/Middlewares/ST/touchgfx/framework/include/touchgfx/widgets/canvas/CanvasWidget.hpp:134:18:virtual touchgfx::Rect touchgfx::CanvasWidget::getSolidRect() const	0	static
C:/Users/lisaf/Documents/GitHub/Croustibot/IHM/CM7/TouchGFX/gui/src/test_lidar_screen/Test_lidarView.cpp:55:6:virtual void Test_lidarView::tearDownScreen()	0	static
C:/Users/lisaf/Documents/GitHub/Croustibot/IHM/CM7/TouchGFX/gui/src/test_lidar_screen/Test_lidarView.cpp:125:6:virtual void Test_lidarView::donnees_lidar_bas_avant()	0	static
C:/Users/lisaf/Documents/GitHub/Croustibot/IHM/CM7/TouchGFX/gui/src/test_lidar_screen/Test_lidarView.cpp:131:6:virtual void Test_lidarView::donnees_lidar_bas_arriere()	0	static
../../CM7/../../CM7/Middlewares/ST/touchgfx/framework/include/touchgfx/mixins/MoveAnimator.hpp:37:7:touchgfx::MoveAnimator<touchgfx::Circle>::~MoveAnimator()	0	static
../../CM7/../../CM7/Middlewares/ST/touchgfx/framework/include/touchgfx/mixins/MoveAnimator.hpp:88:18:void touchgfx::MoveAnimator<T>::setMoveAnimationDelay(uint16_t) [with T = touchgfx::Circle]	0	static
../../CM7/../../CM7/Middlewares/ST/touchgfx/framework/include/touchgfx/mixins/MoveAnimator.hpp:100:22:uint16_t touchgfx::MoveAnimator<T>::getMoveAnimationDelay() const [with T = touchgfx::Circle]	0	static
../../CM7/../../CM7/Middlewares/ST/touchgfx/framework/include/touchgfx/mixins/MoveAnimator.hpp:37:7:virtual touchgfx::MoveAnimator<touchgfx::Circle>::~MoveAnimator()	8	static
../../CM7/../../CM7/TouchGFX/gui/include/gui/test_lidar_screen/Test_lidarView.hpp:11:13:Test_lidarView::~Test_lidarView()	8	static
../../CM7/../../CM7/TouchGFX/gui/include/gui/test_lidar_screen/Test_lidarView.hpp:11:13:virtual Test_lidarView::~Test_lidarView()	8	static
../../CM7/../../CM7/Middlewares/ST/touchgfx/framework/include/touchgfx/widgets/canvas/Circle.hpp:444:18:virtual touchgfx::Rect touchgfx::Circle::getMinimalRect() const	8	static
../../CM7/../../CM7/Middlewares/ST/touchgfx/framework/include/touchgfx/mixins/MoveAnimator.hpp:169:18:void touchgfx::MoveAnimator<T>::handleTickEvent() [with T = touchgfx::Circle]	16	static
C:/Users/lisaf/Documents/GitHub/Croustibot/IHM/CM7/TouchGFX/gui/src/test_lidar_screen/Test_lidarView.cpp:60:6:virtual void Test_lidarView::reception_can_lidars_test_lidar_bas_avant()	48	static
../../CM7/../../CM7/Middlewares/ST/touchgfx/framework/include/touchgfx/widgets/canvas/AbstractPainterRGB888.hpp:36:5:touchgfx::AbstractPainterRGB888::AbstractPainterRGB888()	16	static
C:/Users/lisaf/Documents/GitHub/Croustibot/IHM/CM7/TouchGFX/gui/src/test_lidar_screen/Test_lidarView.cpp:29:1:Test_lidarView::Test_lidarView()	8	static
C:/Users/lisaf/Documents/GitHub/Croustibot/IHM/CM7/TouchGFX/gui/src/test_lidar_screen/Test_lidarView.cpp:31:9:int16_t map(int16_t, int16_t, int16_t, int16_t, int16_t)	0	static
C:/Users/lisaf/Documents/GitHub/Croustibot/IHM/CM7/TouchGFX/gui/src/test_lidar_screen/Test_lidarView.cpp:134:1:cpp)	24	static
C:/Users/lisaf/Documents/GitHub/Croustibot/IHM/CM7/TouchGFX/gui/src/test_lidar_screen/Test_lidarView.cpp:134:1:cpp)	16	static
C:/Users/lisaf/Documents/GitHub/Croustibot/IHM/CM7/TouchGFX/gui/src/test_lidar_screen/Test_lidarView.cpp:36:6:virtual void Test_lidarView::setupScreen()	40	static
